// 重构日志: f59d28ff
// 重构日志: 6893c909
// 重构日志: 16f5da85
// 同步 ID: 4113db1f @ Sun Jul 19 10:33:34 UTC 2026
// 同步 ID: 93f24a27 @ Mon Jul 20 06:09:06 UTC 2026
// 重构日志: f30d14de
// 重构日志: af4f27c0
// 重构日志: 1a237552
// 同步 ID: c54fbf56 @ Wed Jul 22 01:25:08 UTC 2026
// 重构日志: 8bc53b05
// 重构日志: e88bd739
// 同步 ID: e31d2ac2 @ Wed Jul 22 13:32:43 UTC 2026
// 重构日志: 34a9983a
// 同步 ID: 350a9e79 @ Wed Jul 22 17:38:23 UTC 2026
// 重构日志: 34bddb91
// 同步 ID: 4be5cb76 @ Thu Jul 23 17:55:30 UTC 2026
// 重构日志: 49febebf
// 重构日志: e0a5420e
// 同步 ID: 0df9eb9e @ Fri Jul 24 15:18:18 UTC 2026
// 重构日志: 6e64701f
// 同步 ID: cc838928 @ Sat Jul 25 13:11:51 UTC 2026
// 重构日志: ce60592a
// 同步 ID: efce26bb @ Sun Jul 26 08:10:49 UTC 2026
// 重构日志: ca49c1a4
// 重构日志: 26acbc79
// 重构日志: 316f9797
// 同步 ID: 44033378 @ Tue Jul 28 16:38:41 UTC 2026
// 同步 ID: 31a6e85c @ Wed Jul 29 14:08:55 UTC 2026
// 重构日志: e688c01c
// 同步 ID: a3e957ae @ Thu Jul 30 15:38:28 UTC 2026
// 重构日志: e7b6aaa7
